[backblue.gif]
[fade.gif]
[index.html]
[billing.questdiagnostics.com/PatientBilling/JavaScriptServlet.servlet]
[billing.questdiagnostics.com/BillingWebCommons/js/screenfunctons.js]
[billing.questdiagnostics.com/BillingWebCommons/images/chat2.png]
[billing.questdiagnostics.com/BillingWebCommons/js/TextVal.js]
[billing.questdiagnostics.com/BillingWebCommons/js/jquery-3.6.0.js]
[billing.questdiagnostics.com/BillingWebCommons/js/jquery-ui-1.12.1.min.js]
[billing.questdiagnostics.com/BillingWebCommons/js/jquery.blockUI-2.70.js]
[billing.questdiagnostics.com/BillingWebCommons/js/jquery.maskedinput-1.4.1.js]
[billing.questdiagnostics.com/BillingWebCommons/js/jquery.uniform-4.2.3.js]
[billing.questdiagnostics.com/BillingWebCommons/js/jquery.cookie.js]
[billing.questdiagnostics.com/BillingWebCommons/js/raphael.1.5.2.min.js]
[billing.questdiagnostics.com/BillingWebCommons/js/quest.js]
[billing.questdiagnostics.com/BillingWebCommons/js/tc.js]
[billing.questdiagnostics.com/BillingWebCommons/fancybox/jquery.fancybox-2.1.5.js]
[billing.questdiagnostics.com/BillingWebCommons/js/jquery.tablesorter.js]
[billing.questdiagnostics.com/BillingWebCommons/js/jquery.tablesorter.pager.js]
[billing.questdiagnostics.com/BillingWebCommons/js/tealium.js]
[billing.questdiagnostics.com/PatientBilling/PatientBillingDef0ec4.html]
[billing.questdiagnostics.com/BillingWebCommons/css/custom-theme/images/ui-icons_35792A_256x240.png]
[billing.questdiagnostics.com/BillingWebCommons/css/custom-theme/images/ui-icons_ffffff_256x240.png]
[billing.questdiagnostics.com/BillingWebCommons/css/custom-theme/images/ui-icons_034C1F_256x240.png]
[billing.questdiagnostics.com/BillingWebCommons/css/custom-theme/images/ui-icons_C35600_256x240.png]
[billing.questdiagnostics.com/BillingWebCommons/css/custom-theme/jquery-ui-1.11.4.custom.css]
[billing.questdiagnostics.com/BillingWebCommons/fancybox/blank.gif]
[billing.questdiagnostics.com/BillingWebCommons/fancybox/jquery.fancybox-2.1.5.css]
[billing.questdiagnostics.com/BillingWebCommons/images/both_flat.png]
[billing.questdiagnostics.com/BillingWebCommons/images/asc_flat.png]
[billing.questdiagnostics.com/BillingWebCommons/images/desc_flat.png]
[billing.questdiagnostics.com/BillingWebCommons/images/uniform.billing.png]
[billing.questdiagnostics.com/BillingWebCommons/css/quest-base.css]
[billing.questdiagnostics.com/BillingWebCommons/images/bg.billpay.options-menu.jpg]
[billing.questdiagnostics.com/BillingWebCommons/images/icon.bullet.red.gif]
[billing.questdiagnostics.com/BillingWebCommons/images/icon.success.gif]
[billing.questdiagnostics.com/BillingWebCommons/images/rotation.gif]
[billing.questdiagnostics.com/BillingWebCommons/images/icon.action.arrow.png]
[billing.questdiagnostics.com/BillingWebCommons/images/icon.action.arrow.hvr.png]
[billing.questdiagnostics.com/BillingWebCommons/images/icon.action.arrow.fff.png]
[billing.questdiagnostics.com/BillingWebCommons/images/bg.dbdbdb.gif]
[billing.questdiagnostics.com/BillingWebCommons/images/sprite.toggle.png]
[billing.questdiagnostics.com/BillingWebCommons/images/bg.button.gif]
[billing.questdiagnostics.com/BillingWebCommons/images/bg.nav-section.gif]
[billing.questdiagnostics.com/BillingWebCommons/images/circle_ball_rotation.gif]
[billing.questdiagnostics.com/BillingWebCommons/css/quest-patient.css]
[billing.questdiagnostics.com/PatientBilling/eBill.html]
[billing.questdiagnostics.com/PatientBilling/eBillMarketing.html]
[billing.questdiagnostics.com/PatientBilling/showLabCodeList.html]
[billing.questdiagnostics.com/PatientBilling/showLabCodeListForEbill.html]
[billing.questdiagnostics.com/BillingWebCommons/fancybox/fancybox_sprite.html]
[billing.questdiagnostics.com/BillingWebCommons/fancybox/fancybox_loading.html]
[billing.questdiagnostics.com/BillingWebCommons/fancybox/fancybox_overlay.html]
[billing.questdiagnostics.com/BillingWebCommons/fancybox/fancybox_sprite@2x.html]
[billing.questdiagnostics.com/BillingWebCommons/fancybox/fancybox_loading@2x.html]
[billing.questdiagnostics.com/BillingWebCommons/css/fonts/lineto-akkurat-pro-regular.eot]
[billing.questdiagnostics.com/BillingWebCommons/css/fonts/lineto-akkurat-pro-regulard41d.eot]
[billing.questdiagnostics.com/BillingWebCommons/css/fonts/lineto-akkurat-pro-regular.woff]
[billing.questdiagnostics.com/BillingWebCommons/css/fonts/lineto-akkurat-pro-regular.ttf]
[billing.questdiagnostics.com/BillingWebCommons/css/fonts/lineto-akkurat-pro-bold.eot]
[billing.questdiagnostics.com/BillingWebCommons/css/fonts/lineto-akkurat-pro-boldd41d.eot]
[billing.questdiagnostics.com/BillingWebCommons/css/fonts/lineto-akkurat-pro-bold.woff]
[billing.questdiagnostics.com/BillingWebCommons/css/fonts/lineto-akkurat-pro-bold.ttf]
[billing.questdiagnostics.com/BillingWebCommons/css/fonts/lineto-akkurat-pro-italic.eot]
[billing.questdiagnostics.com/BillingWebCommons/css/fonts/lineto-akkurat-pro-italicd41d.eot]
[billing.questdiagnostics.com/BillingWebCommons/css/fonts/lineto-akkurat-pro-italic.woff]
[billing.questdiagnostics.com/BillingWebCommons/css/fonts/lineto-akkurat-pro-italic.ttf]
[billing.questdiagnostics.com/BillingWebCommons/css/fonts/lineto-akkurat-pro-light.eot]
[billing.questdiagnostics.com/BillingWebCommons/css/fonts/lineto-akkurat-pro-lightd41d.eot]
[billing.questdiagnostics.com/BillingWebCommons/css/fonts/lineto-akkurat-pro-light.woff]
[billing.questdiagnostics.com/BillingWebCommons/css/fonts/lineto-akkurat-pro-light.ttf]
[billing.questdiagnostics.com/BillingWebCommons/css/fonts.css]
[billing.questdiagnostics.com/BillingWebCommons/css/uniform.css]
[billing.questdiagnostics.com/BillingWebCommons/js/FieldFunc.js]
[billing.questdiagnostics.com/PatientBilling/PatientContactUsExternal.html]
[billing.questdiagnostics.com/BillingWebCommons/css/fonts/lineto-akkurat-pro-regular.svg]
[billing.questdiagnostics.com/BillingWebCommons/css/fonts/lineto-akkurat-pro-bold.svg]
[billing.questdiagnostics.com/BillingWebCommons/css/fonts/lineto-akkurat-pro-italic.svg]
[billing.questdiagnostics.com/BillingWebCommons/css/fonts/lineto-akkurat-pro-light.svg]
[billing.questdiagnostics.com/BillingWebCommons/img/uniform.html]
[billing.questdiagnostics.com/BillingWebCommons/images/bg-input-focus.html]
[billing.questdiagnostics.com/BillingWebCommons/images/bg-input.html]
[billing.questdiagnostics.com/PatientBilling/PatientMenu.html]
[billing.questdiagnostics.com/PatientBilling/PATFaqExternalb4ba.html]
[billing.questdiagnostics.com/PatientBilling/PATInvoiceImageExternal0f1f.html]
[billing.questdiagnostics.com/PatientBilling/PatientContactUsExternal8558.html]
[billing.questdiagnostics.com/PatientBilling/PatientBillingDef9385.html]
[billing.questdiagnostics.com/PatientBilling/PATInsuranceTermsExternala0c4.html]
